// Jest Snapshot v1, https://goo.gl/fbAQLP

exports[`css Complex styles 1`] = `
".css-12483742431659, [data-css-12483742431659] {
  font-weight: bold;
}
.css-434809571958, [data-css-434809571958] {
  color: papayawhip;
  width: 350px;
  height: 150px;
  border: 1px solid mediumaquamarine;
  font-weight: bold;
  border-radius: 50%;
}
.css-434809571958:hover, [data-css-434809571958]:hover {
  color: orchid;
}
@media (min-width: 800px) {
  .css-434809571958, [data-css-434809571958] {
    background: peachpuff;
  }
}"
`;

exports[`css Falsy values 1`] = `
".css-9467316260603:after, [data-css-9467316260603]:after {
  height: 100px;
}"
`;

exports[`css Keyframes work without collision 1`] = `
"@keyframes fade-0 {
  from {
    opacity: 0;
  }
  to {
    opacity: 1;
  }
}
@keyframes fade-1 {
  from {
    opacity: 0;
  }
  to {
    opacity: 1;
  }
}
@keyframes animation-2 {
  from {
    opacity: 0;
  }
  to {
    opacity: 1;
  }
}
@keyframes animation-3 {
  from {
    opacity: 0;
  }
  to {
    opacity: 1;
  }
}"
`;

exports[`css Multiple styles 1`] = `
Array [
  "data-css-7696658414362",
  "data-css-15533376699467",
]
`;

exports[`css Nested functional styles 1`] = `
".css-12694328089617, [data-css-12694328089617] {
  color: gray;
  position: relative;
}
.css-12694328089617:before, [data-css-12694328089617]:before {
  top: 0;
  content: \\"\\";
  position: absolute;
}
.css-12694328089617:hover, [data-css-12694328089617]:hover {
  color: peachpuff;
}
.css-12694328089617:hover:before, [data-css-12694328089617]:hover:before {
  top: 10px;
}
.css-13686855474469, [data-css-13686855474469] {
  color: peachpuff;
  position: relative;
}
.css-13686855474469:before, [data-css-13686855474469]:before {
  top: 10px;
  content: \\"\\";
  position: absolute;
}
.css-13686855474469:hover, [data-css-13686855474469]:hover {
  color: peachpuff;
}
.css-13686855474469:hover:before, [data-css-13686855474469]:hover:before {
  top: 10px;
}
.css-6315176858355, [data-css-6315176858355] {
  color: gray;
  position: relative;
}
.css-6315176858355:before, [data-css-6315176858355]:before {
  top: 0;
  content: \\"\\";
  position: absolute;
}
.css-13921000805328, [data-css-13921000805328] {
  color: gray;
  position: relative;
}
.css-13921000805328:before, [data-css-13921000805328]:before {
  top: 0;
  content: \\"\\";
  position: absolute;
}"
`;

exports[`css Overwrite styles 1`] = `
".css-1113385277541, [data-css-1113385277541] {
  color: mediumaquamarine;
}
.css-7242087029549, [data-css-7242087029549] {
  color: lightcoral;
}
.css-14164733049051, [data-css-14164733049051] {
  color: thistle;
}
.css-13164275224355, [data-css-13164275224355] {
  color: thistle;
}"
`;

exports[`css Simple styles 1`] = `
".css-5638800070770, [data-css-5638800070770] {
  width: 100px;
  height: 100px;
}"
`;
